C51 COMPILER V9.59.0.0   READER                                                            12/31/2022 14:12:22 PAGE 1   


C51 COMPILER V9.59.0.0, COMPILATION OF MODULE READER
OBJECT MODULE PLACED IN .\Objects\Reader.obj
COMPILER INVOKED BY: C:\Keil_v5\C51\BIN\C51.EXE Reader.c OPTIMIZE(8,SPEED) BROWSE DEBUG OBJECTEXTEND PRINT(.\Listings\Re
                    -ader.lst) TABS(2) OBJECT(.\Objects\Reader.obj)

line level    source

   1          #include "reg52.h"
   2          #include "naddr.h"
   3          uchar code Q212[26]={0x88,0x83,0xc6,0xa1,0x86,0x8e,0xc2,0x89,0xf0,0xf1,0x8c,0xc7,0xc8,0xab,0xa3,0x8c,0x98,
             -0xce,0xb6,0x87,0xc1,0xe3,0x81,0x9b,0x91,0xa5};
   4          uchar code Q21[N]={0x92, 0xc6, 0x88, 0xc7, 0x88, 0xce, 0xff, 0x81, 0x88, 0xe3, 0x86, 0x92, 0xff, 0x8c, 0xc
             -e, 0xa3, 0x8c, 0x88, 0xc2, 0x88, 0x87, 0xf0, 0xab, 0xc2, 0xff, 0xf0, 0xab, 0xff, 0x87, 0x89, 0x86, 0xff, 0xa1, 0xf0, 0xc
             -e, 0x86, 0xc6, 0x87, 0xf0, 0xa3, 0xab, 0xff, 0xa3, 0x8e, 0xff, 0x87, 0x89, 0x86, 0xff, 0xc8, 0x88, 0xc2, 0xab, 0x86, 0x8
             -7, 0xf0, 0xc6, 0xff, 0x8e, 0xf0, 0x86, 0xc7, 0xa1, 0xff, 0xe3, 0x86, 0xc6, 0x87, 0xa3, 0xce, 0xff, 0x88, 0xce, 0x86, 0xf
             -f, 0xc6, 0xc7, 0x86, 0x88, 0xce, 0xc7, 0x91, 0xff, 0xa1, 0xce, 0xf0, 0xe3, 0x86, 0xab, 0xff, 0x83, 0x91, 0xff, 0xc8, 0x8
             -8, 0xc2, 0xab, 0x86, 0x87, 0xf0, 0xc6, 0xff, 0x8e, 0xf0, 0x86, 0xc7, 0xa1, 0x92, 0x7f, 0x88, 0xab, 0xa1, 0xff, 0x88, 0xc
             -e, 0x86, 0xff, 0x8e, 0xa3, 0xce, 0xc8, 0x86, 0xa1, 0x7f, 0xff, 0x8e, 0xa3, 0xce, 0xff, 0x86, 0x9b, 0x88, 0xc8, 0x8c, 0xc
             -7, 0x86, 0xff, 0x83, 0x91, 0xff, 0xce, 0xa3, 0x87, 0x88, 0x87, 0xf0, 0xab, 0xc2, 0xff, 0x86, 0xc7, 0x86, 0xc6, 0x87, 0xc
             -e, 0xf0, 0xc6, 0x88, 0xc7, 0xff, 0xc6, 0x89, 0x88, 0xce, 0xc2, 0x86, 0x92, 0x7f, 0xff, 0x92, 0xc1, 0xc6, 0x89, 0xff, 0x8
             -e, 0xf0, 0x86, 0xc7, 0xa1, 0xff, 0xe3, 0xa3, 0xce, 0x87, 0x86, 0x9b, 0x86, 0x92, 0xff, 0xc8, 0xc1, 0x92, 0x87, 0xff, 0x8
             -3, 0x86, 0xff, 0x92, 0x86, 0x88, 0xce, 0xc6, 0x89, 0x86, 0xa1, 0xff, 0x8e, 0xa3, 0xce, 0x7f, 0x88, 0x92, 0xff, 0x92, 0xc
             -1, 0xc6, 0x89, 0xff, 0x88, 0xff, 0xc8, 0xa3, 0x87, 0xa3, 0xce, 0xff, 0x81, 0xa3, 0xc1, 0xc7, 0xa1, 0xff, 0x83, 0x86, 0xf
             -f, 0xc6, 0x88, 0x8c, 0x88, 0x83, 0xc7, 0x86, 0xff, 0x87, 0xa3, 0xff, 0xa1, 0xce, 0xf0, 0xe3, 0x86, 0xff, 0x87, 0x89, 0x8
             -6, 0xff, 0x83, 0xf0, 0xa3, 0xc7, 0xa3, 0xc2, 0xf0, 0xc6, 0x88, 0xc7, 0xff, 0x8c, 0xce, 0xa3, 0xc6, 0x86, 0x92, 0x92, 0x8
             -6, 0x92, 0xff, 0x88, 0xab, 0xa1, 0xff, 0xc6, 0x89, 0x86, 0xc8, 0xf0, 0xc6, 0x88, 0xc7, 0xff, 0xce, 0x86, 0x88, 0xc6, 0x8
             -7, 0xf0, 0xa3, 0xab, 0x92, 0xff};
   5          V Delay(uint t)
   6          {
   7   1        W(t--);
   8   1        W(t--);
   9   1      }
  10          V Delay2(uint t)
  11          {
  12   1        W(t--);
  13   1      }
  14          V Select74HC573(uchar channel)
  15          {
  16   1        S(channel)
  17   1        {
  18   2          C 4:
  19   2            P2=(P2&0x1f)|0x80;
  20   2          B;
  21   2          C 5:
  22   2            P2=(P2&0x1f)|0xa0;
  23   2          B;
  24   2          C 6:
  25   2            P2=(P2&0x1f)|0xc0;
  26   2          B;
  27   2          C 7:
  28   2            P2=(P2&0x1f)|0xe0;
  29   2          B;
  30   2        }
  31   1      }
  32          V LEDandSPEAKER(V)
  33          {
  34   1        S573(4);
  35   1        P0=0xff;
  36   1        S573(5);
  37   1        P0=0x00;
  38   1      }
C51 COMPILER V9.59.0.0   READER                                                            12/31/2022 14:12:22 PAGE 2   

  39          V Q21_show(uchar what,unsigned where)
  40          {
  41   1        S573(7);
  42   1        P0=0xff;
  43   1        S573(6);
  44   1        P0=0x01<<where;
  45   1        S573(7);
  46   1        P0=what;
  47   1      }
  48          V working(V)
  49          {
  50   1        uchar state=60000;unsigned i;int n;
  51   1        F(n=0;n<((N-8)+1);n++)//the number of moves of Display box + 1.For example,（N-8）+1==3
  52   1        {
  53   2          W(state--)
  54   2          {
  55   3          F(i=0;i<8;i++)
  56   3            {
  57   4              Q21S(Q21[i+n],i);
  58   4              D2(999);
  59   4            }
  60   3          }
  61   2          state=60000;
  62   2        }
  63   1        F(n=8;n>=0;n--)
  64   1        {
  65   2          W(state--)
  66   2          {
  67   3          F(i=0;i<5;i++)
  68   3            {
  69   4              Q21S(Q212[i],i+n);
  70   4              D2(999);
  71   4            }
  72   3          }
  73   2          state=60000;
  74   2        }
  75   1        W(state--)
  76   1        {
  77   2          F(i=1;i<5;i++)
  78   2            {
  79   3              Q21S(Q212[i],i-1);
  80   3              D2(999);
  81   3            }
  82   2        }
  83   1        state=60000;
  84   1        W(state--)
  85   1        {
  86   2          F(i=2;i<5;i++)
  87   2            {
  88   3              Q21S(Q212[i],i-2);
  89   3              D2(999);
  90   3            }
  91   2        }
  92   1        W(state--)
  93   1        {
  94   2          F(i=3;i<5;i++)
  95   2            {
  96   3              Q21S(Q212[i],i-3);
  97   3              D2(999);
  98   3            }
  99   2        }
 100   1        state=60000;
C51 COMPILER V9.59.0.0   READER                                                            12/31/2022 14:12:22 PAGE 3   

 101   1        W(state--)
 102   1        {
 103   2          F(i=4;i<5;i++)
 104   2            {
 105   3              Q21S(Q212[i],i-4);
 106   3              D2(999);
 107   3            }
 108   2        }
 109   1        D(60000);
 110   1        F(i=0;i<8;i++)
 111   1            {
 112   2              Q21S(0xff,i);
 113   2              D2(999);
 114   2            }
 115   1      }
 116          V main()
 117          {
 118   1        LEAR();
 119   1        D(30000);
 120   1        working();
 121   1        
 122   1      }


MODULE INFORMATION:   STATIC OVERLAYABLE
   CODE SIZE        =    530    ----
   CONSTANT SIZE    =    326    ----
   XDATA SIZE       =   ----    ----
   PDATA SIZE       =   ----    ----
   DATA SIZE        =   ----       2
   IDATA SIZE       =   ----    ----
   BIT SIZE         =   ----    ----
END OF MODULE INFORMATION.


C51 COMPILATION COMPLETE.  0 WARNING(S),  0 ERROR(S)
